<?xml version="1.0" encoding="UTF-8"?>
<SimpleSeq>
  <element>0</element>
  <element>1</element>
  <element>2</element>
  <element>3</element>
  <element>4</element>
  <element>5</element>
  <element>6</element>
  <element>7</element>
  <element>8</element>
  <element>9</element>
</SimpleSeq>
